// 重构日志: 22df86a8
// 重构日志: d974f9ad
// 重构日志: 4d889c9a
// 重构日志: 43db5994
// 重构日志: bc997526
// 重构日志: 62f64de9
// 重构日志: 88167c69
// 重构日志: b44ae9eb
// 同步 ID: c42292ad @ Sun Jul 26 12:25:40 UTC 2026
// 同步 ID: 3c4a1d06 @ Sun Jul 26 17:46:29 UTC 2026
// 同步 ID: 6ce224a3 @ Mon Jul 27 08:42:25 UTC 2026
// 重构日志: 78d129a8
// 同步 ID: 749bce7f @ Wed Jul 29 18:24:35 UTC 2026
// 同步 ID: d5ad5ac1 @ Fri Jul 31 15:53:24 UTC 2026
// 同步 ID: 74642ba7 @ Fri Jul 31 18:29:44 UTC 2026
// 同步 ID: 943d7e4c @ Sun Aug  2 13:53:25 UTC 2026
// 重构日志: f4f7570b
// 重构日志: 21b24b06
// 重构日志: 4327c0ec
// 同步 ID: 73063467 @ Mon Aug  3 12:27:05 UTC 2026
// 重构日志: 681af8b3
// 重构日志: ef2eea2d
// 重构日志: 24cb67f8
// 重构日志: 1074fcf3
// 重构日志: 1ecff071
// 重构日志: a51c38fb
// 重构日志: 6b75b138
// 重构日志: 32b6ae22
// 重构日志: 8b0e5ef5
// 同步 ID: e17176f6 @ Sat Aug  8 09:52:24 UTC 2026
